// Jest Snapshot v1, https://goo.gl/fbAQLP

exports[`Copyright copyright renders correctly 1`] = `
<div
  class="copyright"
  data-testid="copyright"
>
  <div
    class="copyright__link"
  >
    <span
      class="copyright__text"
    >
      Foo
    </span>
    <span
      class="copyright__text"
    >
      die
    </span>
    <svg
      aria-hidden="true"
      class="copyright__image"
      focusable="false"
      height="34"
      width="27"
    >
      <use
        href="images/icons/stack.svg#partner"
      />
    </svg>
  </div>
</div>
`;
